    Checking typenum v1.20.1
    Checking hashbrown v0.17.1
    Checking ic-metrics v0.2.3
    Checking zeroize v1.9.1
    Checking binrw v0.15.2
    Checking zerocopy v0.8.61
   Compiling icydb-core v0.266.0
    Checking ic-timers v0.14.5
    Checking rustls-pki-types v1.15.1
    Checking aws-lc-rs v1.18.1
    Checking der v0.7.10
    Checking rustls-native-certs v0.8.4
    Checking indexmap v2.14.2
    Checking generic-array v0.14.9
    Checking spki v0.7.3
    Checking h2 v0.4.20
    Checking toml_edit v0.25.15+spec-1.1.0
    Checking pkcs8 v0.10.2
    Checking crypto-common v0.1.6
    Checking block-buffer v0.10.4
    Checking crypto-bigint v0.5.5
    Checking rustls-webpki v0.103.15
    Checking sec1 v0.7.3
    Checking digest v0.10.7
    Checking sha2 v0.10.9
    Checking hmac v0.12.1
    Checking signature v2.2.0
    Checking rfc6979 v0.4.0
    Checking proc-macro-crate v3.5.0
    Checking rustls v0.23.45
    Checking ic_principal v0.1.5
    Checking ic-certification v3.2.0
    Checking ic-host-tools v0.1.14
    Checking ic-host-artifacts v0.3.1
    Checking candid v0.10.37
    Checking ic-stable-structures v0.7.2
    Checking ic-host-fs v0.3.1
    Checking elliptic-curve v0.13.8
    Checking ecdsa v0.16.9
    Checking k256 v0.13.4
    Checking ic-cdk v0.20.3
    Checking icrc-cbor v0.1.0
    Checking ic-management-canister-types v0.8.0
    Checking ic-transport-types v0.49.2
    Checking icrc-ledger-types v0.2.0
    Checking hyper v1.12.0
    Checking ppv-lite86 v0.2.21
    Checking half v2.7.1
    Checking ciborium-ll v0.2.2
    Checking rand_chacha v0.3.1
    Checking rand_chacha v0.10.0
    Checking ciborium v0.2.2
    Checking rand v0.8.8
    Checking hyper-util v0.1.21
    Checking ic-memory v0.28.4
    Checking tokio-rustls v0.26.6
    Checking rustls-platform-verifier v0.7.1
    Checking ic-secp256k1 v0.3.0
    Checking icydb-schema v0.266.0
    Checking hyper-rustls v0.27.10
    Checking reqwest v0.13.5
    Checking canic-core v0.110.52 (/home/adam/projects/canic/crates/canic-core)
    Checking icydb-model v0.266.0
    Checking pocket-ic v16.0.0
    Checking ic-testkit v0.19.2
   Compiling icydb v0.266.0
    Checking toko-miner-contracts v0.3.19 (/home/adam/projects/toko-miner/crates/toko-miner-contracts)
   Compiling canister_toko_miner_user_hub v0.3.19 (/home/adam/projects/toko-miner/apps/toko_miner/user_hub)
    Checking canic v0.110.52 (/home/adam/projects/canic/crates/canic)
    Finished `dev` profile [optimized + debuginfo] target(s) in 27.64s
